	The solution was found in 5 steps and 10 states were searched. Branching factor: 1.5848931924611136
	1, 3, 4, 8, 2, 5, 7, 0, 6; Move: null,	G: 0, H: 5, Iteration: 0
	1, 3, 4, 8, 2, 5, 7, 6, 0; Move: Right,	G: 1, H: 4, Iteration: 1
	1, 3, 4, 8, 2, 0, 7, 6, 5; Move: Up,	G: 2, H: 3, Iteration: 2
	1, 3, 0, 8, 2, 4, 7, 6, 5; Move: Up,	G: 3, H: 2, Iteration: 3
	1, 0, 3, 8, 2, 4, 7, 6, 5; Move: Left,	G: 4, H: 1, Iteration: 4
	1, 2, 3, 8, 0, 4, 7, 6, 5; Move: Down,	G: 5, H: 0, Iteration: 5
	The solution was found in 5 steps and 12 states were searched. Branching factor: 1.6437518295172258
	1, 0, 4, 8, 3, 2, 7, 6, 5; Move: null,	G: 0, H: 5, Iteration: 0
	1, 3, 4, 8, 0, 2, 7, 6, 5; Move: Down,	G: 1, H: 4, Iteration: 1
	1, 3, 4, 8, 2, 0, 7, 6, 5; Move: Right,	G: 2, H: 3, Iteration: 2
	1, 3, 0, 8, 2, 4, 7, 6, 5; Move: Up,	G: 3, H: 2, Iteration: 3
	1, 0, 3, 8, 2, 4, 7, 6, 5; Move: Left,	G: 4, H: 1, Iteration: 4
	1, 2, 3, 8, 0, 4, 7, 6, 5; Move: Down,	G: 5, H: 0, Iteration: 5
	The solution was found in 5 steps and 12 states were searched. Branching factor: 1.6437518295172258
	1, 3, 4, 0, 8, 2, 7, 6, 5; Move: null,	G: 0, H: 5, Iteration: 0
	1, 3, 4, 8, 0, 2, 7, 6, 5; Move: Right,	G: 1, H: 4, Iteration: 1
	1, 3, 4, 8, 2, 0, 7, 6, 5; Move: Right,	G: 2, H: 3, Iteration: 2
	1, 3, 0, 8, 2, 4, 7, 6, 5; Move: Up,	G: 3, H: 2, Iteration: 3
	1, 0, 3, 8, 2, 4, 7, 6, 5; Move: Left,	G: 4, H: 1, Iteration: 4
	1, 2, 3, 8, 0, 4, 7, 6, 5; Move: Down,	G: 5, H: 0, Iteration: 5
	The solution was found in 5 steps and 12 states were searched. Branching factor: 1.6437518295172258
	1, 3, 4, 8, 6, 2, 7, 0, 5; Move: null,	G: 0, H: 5, Iteration: 0
	1, 3, 4, 8, 0, 2, 7, 6, 5; Move: Up,	G: 1, H: 4, Iteration: 1
	1, 3, 4, 8, 2, 0, 7, 6, 5; Move: Right,	G: 2, H: 3, Iteration: 2
	1, 3, 0, 8, 2, 4, 7, 6, 5; Move: Up,	G: 3, H: 2, Iteration: 3
	1, 0, 3, 8, 2, 4, 7, 6, 5; Move: Left,	G: 4, H: 1, Iteration: 4
	1, 2, 3, 8, 0, 4, 7, 6, 5; Move: Down,	G: 5, H: 0, Iteration: 5
	The solution was found in 5 steps and 12 states were searched. Branching factor: 1.6437518295172258
	8, 0, 3, 2, 1, 4, 7, 6, 5; Move: null,	G: 0, H: 5, Iteration: 0
	8, 1, 3, 2, 0, 4, 7, 6, 5; Move: Down,	G: 1, H: 4, Iteration: 1
	8, 1, 3, 0, 2, 4, 7, 6, 5; Move: Left,	G: 2, H: 3, Iteration: 2
	0, 1, 3, 8, 2, 4, 7, 6, 5; Move: Up,	G: 3, H: 2, Iteration: 3
	1, 0, 3, 8, 2, 4, 7, 6, 5; Move: Right,	G: 4, H: 1, Iteration: 4
	1, 2, 3, 8, 0, 4, 7, 6, 5; Move: Down,	G: 5, H: 0, Iteration: 5
	The solution was found in 10 steps and 27 states were searched. Branching factor: 1.3903891703159095
	1, 4, 5, 8, 3, 6, 7, 2, 0; Move: null,	G: 0, H: 10, Iteration: 0
	1, 4, 5, 8, 3, 0, 7, 2, 6; Move: Up,	G: 1, H: 9, Iteration: 1
	1, 4, 0, 8, 3, 5, 7, 2, 6; Move: Up,	G: 2, H: 8, Iteration: 2
	1, 0, 4, 8, 3, 5, 7, 2, 6; Move: Left,	G: 3, H: 7, Iteration: 4
	1, 3, 4, 8, 0, 5, 7, 2, 6; Move: Down,	G: 4, H: 6, Iteration: 6
	1, 3, 4, 8, 2, 5, 7, 0, 6; Move: Down,	G: 5, H: 5, Iteration: 8
	1, 3, 4, 8, 2, 5, 7, 6, 0; Move: Right,	G: 6, H: 4, Iteration: 10
	1, 3, 4, 8, 2, 0, 7, 6, 5; Move: Up,	G: 7, H: 3, Iteration: 11
	1, 3, 0, 8, 2, 4, 7, 6, 5; Move: Up,	G: 8, H: 2, Iteration: 12
	1, 0, 3, 8, 2, 4, 7, 6, 5; Move: Left,	G: 9, H: 1, Iteration: 13
	1, 2, 3, 8, 0, 4, 7, 6, 5; Move: Down,	G: 10, H: 0, Iteration: 14
	The solution was found in 10 steps and 49 states were searched. Branching factor: 1.4757731615945522
	1, 4, 5, 8, 0, 3, 7, 2, 6; Move: null,	G: 0, H: 8, Iteration: 0
	1, 4, 5, 8, 3, 0, 7, 2, 6; Move: Right,	G: 1, H: 9, Iteration: 8
	1, 4, 0, 8, 3, 5, 7, 2, 6; Move: Up,	G: 2, H: 8, Iteration: 15
	1, 0, 4, 8, 3, 5, 7, 2, 6; Move: Left,	G: 3, H: 7, Iteration: 18
	1, 3, 4, 8, 0, 5, 7, 2, 6; Move: Down,	G: 4, H: 6, Iteration: 20
	1, 3, 4, 8, 2, 5, 7, 0, 6; Move: Down,	G: 5, H: 5, Iteration: 21
	1, 3, 4, 8, 2, 5, 7, 6, 0; Move: Right,	G: 6, H: 4, Iteration: 22
	1, 3, 4, 8, 2, 0, 7, 6, 5; Move: Up,	G: 7, H: 3, Iteration: 23
	1, 3, 0, 8, 2, 4, 7, 6, 5; Move: Up,	G: 8, H: 2, Iteration: 24
	1, 0, 3, 8, 2, 4, 7, 6, 5; Move: Left,	G: 9, H: 1, Iteration: 25
	1, 2, 3, 8, 0, 4, 7, 6, 5; Move: Down,	G: 10, H: 0, Iteration: 26
	The solution was found in 10 steps and 27 states were searched. Branching factor: 1.3903891703159095
	8, 1, 4, 3, 0, 5, 7, 2, 6; Move: null,	G: 0, H: 10, Iteration: 0
	8, 1, 4, 0, 3, 5, 7, 2, 6; Move: Left,	G: 1, H: 9, Iteration: 2
	0, 1, 4, 8, 3, 5, 7, 2, 6; Move: Up,	G: 2, H: 8, Iteration: 4
	1, 0, 4, 8, 3, 5, 7, 2, 6; Move: Right,	G: 3, H: 7, Iteration: 6
	1, 3, 4, 8, 0, 5, 7, 2, 6; Move: Down,	G: 4, H: 6, Iteration: 8
	1, 3, 4, 8, 2, 5, 7, 0, 6; Move: Down,	G: 5, H: 5, Iteration: 9
	1, 3, 4, 8, 2, 5, 7, 6, 0; Move: Right,	G: 6, H: 4, Iteration: 10
	1, 3, 4, 8, 2, 0, 7, 6, 5; Move: Up,	G: 7, H: 3, Iteration: 11
	1, 3, 0, 8, 2, 4, 7, 6, 5; Move: Up,	G: 8, H: 2, Iteration: 12
	1, 0, 3, 8, 2, 4, 7, 6, 5; Move: Left,	G: 9, H: 1, Iteration: 13
	1, 2, 3, 8, 0, 4, 7, 6, 5; Move: Down,	G: 10, H: 0, Iteration: 14
	The solution was found in 10 steps and 19 states were searched. Branching factor: 1.3423796509621049
	8, 1, 4, 7, 3, 5, 0, 2, 6; Move: null,	G: 0, H: 10, Iteration: 0
	8, 1, 4, 0, 3, 5, 7, 2, 6; Move: Up,	G: 1, H: 9, Iteration: 1
	0, 1, 4, 8, 3, 5, 7, 2, 6; Move: Up,	G: 2, H: 8, Iteration: 2
	1, 0, 4, 8, 3, 5, 7, 2, 6; Move: Right,	G: 3, H: 7, Iteration: 3
	1, 3, 4, 8, 0, 5, 7, 2, 6; Move: Down,	G: 4, H: 6, Iteration: 4
	1, 3, 4, 8, 2, 5, 7, 0, 6; Move: Down,	G: 5, H: 5, Iteration: 5
	1, 3, 4, 8, 2, 5, 7, 6, 0; Move: Right,	G: 6, H: 4, Iteration: 6
	1, 3, 4, 8, 2, 0, 7, 6, 5; Move: Up,	G: 7, H: 3, Iteration: 7
	1, 3, 0, 8, 2, 4, 7, 6, 5; Move: Up,	G: 8, H: 2, Iteration: 8
	1, 0, 3, 8, 2, 4, 7, 6, 5; Move: Left,	G: 9, H: 1, Iteration: 9
	1, 2, 3, 8, 0, 4, 7, 6, 5; Move: Down,	G: 10, H: 0, Iteration: 10
	The solution was found in 10 steps and 53 states were searched. Branching factor: 1.487399348620308
	1, 5, 3, 8, 0, 4, 7, 2, 6; Move: null,	G: 0, H: 6, Iteration: 0
	1, 0, 3, 8, 5, 4, 7, 2, 6; Move: Up,	G: 1, H: 5, Iteration: 1
	1, 3, 0, 8, 5, 4, 7, 2, 6; Move: Right,	G: 2, H: 6, Iteration: 7
	1, 3, 4, 8, 5, 0, 7, 2, 6; Move: Down,	G: 3, H: 7, Iteration: 16
	1, 3, 4, 8, 0, 5, 7, 2, 6; Move: Left,	G: 4, H: 6, Iteration: 18
	1, 3, 4, 8, 2, 5, 7, 0, 6; Move: Down,	G: 5, H: 5, Iteration: 20
	1, 3, 4, 8, 2, 5, 7, 6, 0; Move: Right,	G: 6, H: 4, Iteration: 22
	1, 3, 4, 8, 2, 0, 7, 6, 5; Move: Up,	G: 7, H: 3, Iteration: 24
	1, 3, 0, 8, 2, 4, 7, 6, 5; Move: Up,	G: 8, H: 2, Iteration: 26
	1, 0, 3, 8, 2, 4, 7, 6, 5; Move: Left,	G: 9, H: 1, Iteration: 28
	1, 2, 3, 8, 0, 4, 7, 6, 5; Move: Down,	G: 10, H: 0, Iteration: 29
	The solution was found in 15 steps and 156 states were searched. Branching factor: 1.400258786655359
	1, 5, 6, 8, 4, 0, 7, 3, 2; Move: null,	G: 0, H: 13, Iteration: 0
	1, 5, 0, 8, 4, 6, 7, 3, 2; Move: Up,	G: 1, H: 12, Iteration: 1
	1, 0, 5, 8, 4, 6, 7, 3, 2; Move: Left,	G: 2, H: 11, Iteration: 3
	1, 4, 5, 8, 0, 6, 7, 3, 2; Move: Down,	G: 3, H: 12, Iteration: 18
	1, 4, 5, 8, 3, 6, 7, 0, 2; Move: Down,	G: 4, H: 11, Iteration: 22
	1, 4, 5, 8, 3, 6, 7, 2, 0; Move: Right,	G: 5, H: 10, Iteration: 29
	1, 4, 5, 8, 3, 0, 7, 2, 6; Move: Up,	G: 6, H: 9, Iteration: 31
	1, 4, 0, 8, 3, 5, 7, 2, 6; Move: Up,	G: 7, H: 8, Iteration: 53
	1, 0, 4, 8, 3, 5, 7, 2, 6; Move: Left,	G: 8, H: 7, Iteration: 55
	1, 3, 4, 8, 0, 5, 7, 2, 6; Move: Down,	G: 9, H: 6, Iteration: 57
	1, 3, 4, 8, 2, 5, 7, 0, 6; Move: Down,	G: 10, H: 5, Iteration: 61
	1, 3, 4, 8, 2, 5, 7, 6, 0; Move: Right,	G: 11, H: 4, Iteration: 66
	1, 3, 4, 8, 2, 0, 7, 6, 5; Move: Up,	G: 12, H: 3, Iteration: 70
	1, 3, 0, 8, 2, 4, 7, 6, 5; Move: Up,	G: 13, H: 2, Iteration: 80
	1, 0, 3, 8, 2, 4, 7, 6, 5; Move: Left,	G: 14, H: 1, Iteration: 83
	1, 2, 3, 8, 0, 4, 7, 6, 5; Move: Down,	G: 15, H: 0, Iteration: 86
	The solution was found in 15 steps and 89 states were searched. Branching factor: 1.3488365750737594
	8, 1, 5, 0, 4, 6, 7, 3, 2; Move: null,	G: 0, H: 13, Iteration: 0
	0, 1, 5, 8, 4, 6, 7, 3, 2; Move: Up,	G: 1, H: 12, Iteration: 1
	1, 0, 5, 8, 4, 6, 7, 3, 2; Move: Right,	G: 2, H: 11, Iteration: 2
	1, 4, 5, 8, 0, 6, 7, 3, 2; Move: Down,	G: 3, H: 12, Iteration: 4
	1, 4, 5, 8, 3, 6, 7, 0, 2; Move: Down,	G: 4, H: 11, Iteration: 7
	1, 4, 5, 8, 3, 6, 7, 2, 0; Move: Right,	G: 5, H: 10, Iteration: 11
	1, 4, 5, 8, 3, 0, 7, 2, 6; Move: Up,	G: 6, H: 9, Iteration: 13
	1, 4, 0, 8, 3, 5, 7, 2, 6; Move: Up,	G: 7, H: 8, Iteration: 19
	1, 0, 4, 8, 3, 5, 7, 2, 6; Move: Left,	G: 8, H: 7, Iteration: 22
	1, 3, 4, 8, 0, 5, 7, 2, 6; Move: Down,	G: 9, H: 6, Iteration: 25
	1, 3, 4, 8, 2, 5, 7, 0, 6; Move: Down,	G: 10, H: 5, Iteration: 28
	1, 3, 4, 8, 2, 5, 7, 6, 0; Move: Right,	G: 11, H: 4, Iteration: 31
	1, 3, 4, 8, 2, 0, 7, 6, 5; Move: Up,	G: 12, H: 3, Iteration: 34
	1, 3, 0, 8, 2, 4, 7, 6, 5; Move: Up,	G: 13, H: 2, Iteration: 41
	1, 0, 3, 8, 2, 4, 7, 6, 5; Move: Left,	G: 14, H: 1, Iteration: 50
	1, 2, 3, 8, 0, 4, 7, 6, 5; Move: Down,	G: 15, H: 0, Iteration: 51
	The solution was found in 15 steps and 171 states were searched. Branching factor: 1.408855355986291
	1, 0, 4, 8, 6, 5, 7, 3, 2; Move: null,	G: 0, H: 9, Iteration: 0
	1, 4, 0, 8, 6, 5, 7, 3, 2; Move: Right,	G: 1, H: 10, Iteration: 1
	1, 4, 5, 8, 6, 0, 7, 3, 2; Move: Down,	G: 2, H: 11, Iteration: 15
	1, 4, 5, 8, 0, 6, 7, 3, 2; Move: Left,	G: 3, H: 12, Iteration: 57
	1, 4, 5, 8, 3, 6, 7, 0, 2; Move: Down,	G: 4, H: 11, Iteration: 63
	1, 4, 5, 8, 3, 6, 7, 2, 0; Move: Right,	G: 5, H: 10, Iteration: 68
	1, 4, 5, 8, 3, 0, 7, 2, 6; Move: Up,	G: 6, H: 9, Iteration: 71
	1, 4, 0, 8, 3, 5, 7, 2, 6; Move: Up,	G: 7, H: 8, Iteration: 76
	1, 0, 4, 8, 3, 5, 7, 2, 6; Move: Left,	G: 8, H: 7, Iteration: 80
	1, 3, 4, 8, 0, 5, 7, 2, 6; Move: Down,	G: 9, H: 6, Iteration: 87
	1, 3, 4, 8, 2, 5, 7, 0, 6; Move: Down,	G: 10, H: 5, Iteration: 89
	1, 3, 4, 8, 2, 5, 7, 6, 0; Move: Right,	G: 11, H: 4, Iteration: 91
	1, 3, 4, 8, 2, 0, 7, 6, 5; Move: Up,	G: 12, H: 3, Iteration: 93
	1, 3, 0, 8, 2, 4, 7, 6, 5; Move: Up,	G: 13, H: 2, Iteration: 95
	1, 0, 3, 8, 2, 4, 7, 6, 5; Move: Left,	G: 14, H: 1, Iteration: 97
	1, 2, 3, 8, 0, 4, 7, 6, 5; Move: Down,	G: 15, H: 0, Iteration: 99
	The solution was found in 15 steps and 188 states were searched. Branching factor: 1.4177854767217697
	1, 4, 5, 8, 6, 2, 7, 0, 3; Move: null,	G: 0, H: 9, Iteration: 0
	1, 4, 5, 8, 6, 2, 7, 3, 0; Move: Right,	G: 1, H: 10, Iteration: 11
	1, 4, 5, 8, 6, 0, 7, 3, 2; Move: Up,	G: 2, H: 11, Iteration: 32
	1, 4, 5, 8, 0, 6, 7, 3, 2; Move: Left,	G: 3, H: 12, Iteration: 57
	1, 4, 5, 8, 3, 6, 7, 0, 2; Move: Down,	G: 4, H: 11, Iteration: 64
	1, 4, 5, 8, 3, 6, 7, 2, 0; Move: Right,	G: 5, H: 10, Iteration: 72
	1, 4, 5, 8, 3, 0, 7, 2, 6; Move: Up,	G: 6, H: 9, Iteration: 74
	1, 4, 0, 8, 3, 5, 7, 2, 6; Move: Up,	G: 7, H: 8, Iteration: 76
	1, 0, 4, 8, 3, 5, 7, 2, 6; Move: Left,	G: 8, H: 7, Iteration: 78
	1, 3, 4, 8, 0, 5, 7, 2, 6; Move: Down,	G: 9, H: 6, Iteration: 97
	1, 3, 4, 8, 2, 5, 7, 0, 6; Move: Down,	G: 10, H: 5, Iteration: 98
	1, 3, 4, 8, 2, 5, 7, 6, 0; Move: Right,	G: 11, H: 4, Iteration: 100
	1, 3, 4, 8, 2, 0, 7, 6, 5; Move: Up,	G: 12, H: 3, Iteration: 102
	1, 3, 0, 8, 2, 4, 7, 6, 5; Move: Up,	G: 13, H: 2, Iteration: 104
	1, 0, 3, 8, 2, 4, 7, 6, 5; Move: Left,	G: 14, H: 1, Iteration: 106
	1, 2, 3, 8, 0, 4, 7, 6, 5; Move: Down,	G: 15, H: 0, Iteration: 108
	The solution was found in 15 steps and 59 states were searched. Branching factor: 1.3123715310572217
	4, 0, 5, 1, 8, 6, 7, 3, 2; Move: null,	G: 0, H: 15, Iteration: 0
	0, 4, 5, 1, 8, 6, 7, 3, 2; Move: Left,	G: 1, H: 14, Iteration: 1
	1, 4, 5, 0, 8, 6, 7, 3, 2; Move: Down,	G: 2, H: 13, Iteration: 2
	1, 4, 5, 8, 0, 6, 7, 3, 2; Move: Right,	G: 3, H: 12, Iteration: 3
	1, 4, 5, 8, 3, 6, 7, 0, 2; Move: Down,	G: 4, H: 11, Iteration: 6
	1, 4, 5, 8, 3, 6, 7, 2, 0; Move: Right,	G: 5, H: 10, Iteration: 8
	1, 4, 5, 8, 3, 0, 7, 2, 6; Move: Up,	G: 6, H: 9, Iteration: 10
	1, 4, 0, 8, 3, 5, 7, 2, 6; Move: Up,	G: 7, H: 8, Iteration: 12
	1, 0, 4, 8, 3, 5, 7, 2, 6; Move: Left,	G: 8, H: 7, Iteration: 14
	1, 3, 4, 8, 0, 5, 7, 2, 6; Move: Down,	G: 9, H: 6, Iteration: 25
	1, 3, 4, 8, 2, 5, 7, 0, 6; Move: Down,	G: 10, H: 5, Iteration: 26
	1, 3, 4, 8, 2, 5, 7, 6, 0; Move: Right,	G: 11, H: 4, Iteration: 27
	1, 3, 4, 8, 2, 0, 7, 6, 5; Move: Up,	G: 12, H: 3, Iteration: 28
	1, 3, 0, 8, 2, 4, 7, 6, 5; Move: Up,	G: 13, H: 2, Iteration: 29
	1, 0, 3, 8, 2, 4, 7, 6, 5; Move: Left,	G: 14, H: 1, Iteration: 30
	1, 2, 3, 8, 0, 4, 7, 6, 5; Move: Down,	G: 15, H: 0, Iteration: 31
